->rgb(252,70,28)
MainThread`(genexpr)->rgb(220,167,3)
MainThread`(listcomp)->rgb(208,115,26)
MainThread`(module)->rgb(236,171,20)
MainThread`__init__->rgb(226,191,20)
MainThread`_call->rgb(248,92,29)
MainThread`_execute_command->rgb(226,121,30)
MainThread`_run_code->rgb(233,32,25)
MainThread`add_stones->rgb(219,138,45)
MainThread`close->rgb(232,10,33)
MainThread`copy->rgb(208,36,24)
MainThread`dispatch->rgb(253,75,53)
MainThread`extract->rgb(211,193,53)
MainThread`extract_features->rgb(212,15,49)
MainThread`find_sgf_files->rgb(236,35,37)
MainThread`flatten_coords->rgb(249,162,52)
MainThread`from_positions_w_context->rgb(235,110,15)
MainThread`fullpack->rgb(241,10,1)
MainThread`get_main_branch->rgb(206,87,14)
MainThread`get_positions_from_sgf->rgb(237,63,4)
MainThread`halfpack->rgb(236,63,51)
MainThread`handle_node->rgb(239,183,3)
MainThread`isfile->rgb(236,204,6)
MainThread`liberty_feature->rgb(210,101,19)
MainThread`main->rgb(221,196,33)
MainThread`make_onehot->rgb(248,157,42)
MainThread`my_start_node->rgb(245,154,49)
MainThread`nopack->rgb(237,111,7)
MainThread`open->rgb(240,19,1)
MainThread`parse->rgb(229,189,6)
MainThread`place_stone->rgb(254,129,34)
MainThread`play_move->rgb(221,147,31)
MainThread`preprocess->rgb(220,147,17)
MainThread`process_raw_data->rgb(242,182,30)
MainThread`recent_move_feature->rgb(236,195,29)
MainThread`setup->rgb(209,39,45)
MainThread`split_test_training->rgb(232,36,11)
MainThread`stone_color_feature->rgb(238,175,53)
MainThread`stream_compress->rgb(247,18,13)
MainThread`update_groups->rgb(240,153,29)
MainThread`would_capture_feature->rgb(217,193,50)
MainThread`write->rgb(251,159,21)
